Stack Allocation = 4096 bytes

 Start  Stop   Length Name                   Class
 00000H 00519H 0051AH UNSQUASH_TEXT          CODE
 0051AH 03A73H 0355AH _TEXT                  CODE
 03A80H 0616FH 026F0H EMULATOR_TEXT          CODE
 06170H 07219H 010AAH OIC_TEXT               CODE
 0721AH 0721AH 00000H _OIC_TEXT              CODE
 0721AH 07290H 00077H DEQUANT_TEXT           CODE
 07292H 072C3H 00032H DECRLE_TEXT            CODE
 072C4H 073BCH 000F9H BLK2STR_TEXT           CODE
 073BEH 0741CH 0005FH DEAVGCR_TEXT           CODE
 0741EH 07470H 00053H PLAN2TRI_TEXT          CODE
 07472H 07594H 00123H CPI_TEXT               CODE
 07596H 07596H 00000H _UTILS_TEXT            CODE
 07596H 076EBH 00156H UTILS_TEXT             CODE
 076ECH 07D87H 0069CH LZW_TEXT               CODE
 07D88H 07E45H 000BEH MEDLSTR_TEXT           CODE
 07E46H 07EF1H 000ACH WIN_EM_TEXT            CODE
 07EF2H 07EF2H 00000H C_ETEXT                ENDCODE
 07F00H 0806FH 00170H EMULATOR_DATA          FAR_DATA
 08070H 080B1H 00042H NULL                   BEGDATA
 080B2H 088B9H 00808H _DATA                  DATA
 088BAH 088BBH 00002H XIQC                   DATA
 088BCH 088C9H 0000EH DBDATA                 DATA
 088CAH 088D7H 0000EH CDATA                  DATA
 088D8H 088D8H 00000H XIFB                   DATA
 088D8H 088D8H 00000H XIF                    DATA
 088D8H 088D8H 00000H XIFE                   DATA
 088D8H 088D8H 00000H XIB                    DATA
 088D8H 088DFH 00008H XI                     DATA
 088E0H 088E0H 00000H XIE                    DATA
 088E0H 088E0H 00000H XPB                    DATA
 088E0H 088E3H 00004H XP                     DATA
 088E4H 088E4H 00000H XPE                    DATA
 088E4H 088E4H 00000H XCB                    DATA
 088E4H 088E4H 00000H XC                     DATA
 088E4H 088E4H 00000H XCE                    DATA
 088E4H 088E4H 00000H XCFB                   DATA
 088E4H 088E4H 00000H XCF                    DATA
 088E4H 088E4H 00000H XCFE                   DATA
 088E4H 088FBH 00018H CONST                  CONST
 088FCH 08903H 00008H HDR                    MSG
 08904H 08AE0H 001DDH MSG                    MSG
 08AE1H 08AE2H 00002H PAD                    MSG
 08AE3H 08AE3H 00001H EPAD                   MSG
 08AE4H 08B05H 00022H _BSS                   BSS
 08B06H 08B06H 00000H XOB                    BSS
 08B06H 08B06H 00000H XO                     BSS
 08B06H 08B06H 00000H XOE                    BSS
 08B10H 08F2EH 0041FH c_common               BSS
 08F30H 09F2FH 01000H STACK                  STACK

 Origin   Group
 0807:0   DGROUP

Program entry point at 0051:001A
